// 重构日志: 3ee5a10f
// 同步 ID: 8c4d3eca @ Fri Jul 24 08:36:45 UTC 2026
// 同步 ID: 57695ab7 @ Fri Jul 24 11:00:18 UTC 2026
// 重构日志: 35116d28
// 重构日志: 8539128d
// 重构日志: 91056578
// 重构日志: 781a4926
// 同步 ID: d4b51783 @ Mon Jul 27 05:40:32 UTC 2026
// 重构日志: 41d4c68f
// 重构日志: ca78397f
// 同步 ID: 92d197be @ Tue Jul 28 10:04:12 UTC 2026
// 重构日志: 17fcfa0f
// 重构日志: f476e771
// 同步 ID: 72ac6c0e @ Wed Jul 29 12:52:44 UTC 2026
// 重构日志: cd61e9c6
// 重构日志: 89c86692
// 重构日志: 49181ce3
// 同步 ID: 48e0893d @ Fri Jul 31 16:09:41 UTC 2026
// 重构日志: 6d5a98b9
// 重构日志: 16a8a8a5
// 重构日志: 958cea9b
// 重构日志: 49809578
// 同步 ID: b24cf2b7 @ Sun Aug  2 07:55:15 UTC 2026
// 重构日志: eecec495
// 重构日志: ff8fca6f
// 同步 ID: acb98ab9 @ Sun Aug  2 18:27:18 UTC 2026
// 重构日志: 4cb99b4b
// 重构日志: a639b086
// 重构日志: bf2efd05
// 同步 ID: 72900954 @ Tue Aug  4 10:58:22 UTC 2026
// 重构日志: 3cb2ae3d
// 重构日志: 78fcf1ff
// 重构日志: da59d02d
